[2025-07-30 12:46:54] Welcome!
[2025-07-30 12:46:54] Logger started, logging into `/Users/janzules/Roselab/Spatial/CAR_T/code/Clustering/LAINA/pypath_log/pypath-3r70s.log`.
[2025-07-30 12:46:54] Session `3r70s` started.
[2025-07-30 12:46:54] Config has been read from the following files:
[2025-07-30 12:46:54]   - /Users/janzules/anaconda3/envs/spatial_analysis_env_2/lib/python3.10/site-packages/pypath_common/data/settings.yaml
[2025-07-30 12:46:54] [pypath] 
	- session ID: `3r70s`
	- working directory: `/Users/janzules/Roselab/Spatial/CAR_T/code/Clustering/LAINA`
	- logfile: `/Users/janzules/Roselab/Spatial/CAR_T/code/Clustering/LAINA/pypath_log/pypath-3r70s.log`
	- config: 
		- /Users/janzules/anaconda3/envs/spatial_analysis_env_2/lib/python3.10/site-packages/pypath_common/data/settings.yaml
	- pypath version: 0.16.20
	- imported from: `/Users/janzules/anaconda3/envs/spatial_analysis_env_2/lib/python3.10/site-packages/pypath`
	- Python version: 3.10.18 | packaged by conda-forge | (main, Jun  4 2025, 14:46:00) [Clang 18.1.8 ]
	- Platform: macOS-14.7.2-arm64-arm-64bit
[2025-07-30 12:46:55] [pypath] pypath
[2025-07-30 12:46:57] [curl] Creating Curl object to retrieve data from `https://www.ebi.ac.uk/unichem/api/v1/sources/`
[2025-07-30 12:46:57] [curl] Cache file path: `/Users/janzules/Library/Caches/pypath/b2a060ead30932cabb4a6e993539989e-`
[2025-07-30 12:46:57] [curl] Setting up and calling pycurl.
[2025-07-30 12:46:58] [curl] Opening file `/Users/janzules/Library/Caches/pypath/b2a060ead30932cabb4a6e993539989e-`
[2025-07-30 12:46:58] [curl] Extracting data from file type `plain`
[2025-07-30 12:46:58] [curl] Opening plain text file `/Users/janzules/Library/Caches/pypath/b2a060ead30932cabb4a6e993539989e-`.
[2025-07-30 12:46:58] [curl] Contents of `/Users/janzules/Library/Caches/pypath/b2a060ead30932cabb4a6e993539989e-` has been read and the file has been closed.
[2025-07-30 12:46:58] [curl] File at `https://www.ebi.ac.uk/unichem/api/v1/sources/` successfully retrieved. Resulted file type `plain text, unicode string`. Local file at
                      `/Users/janzules/Library/Caches/pypath/b2a060ead30932cabb4a6e993539989e-`.
[2025-07-30 12:46:59] [network_resources] Could not find data model for resource `Negatome` in set `negative`.
[2025-07-30 12:46:59] [network_resources] Could not find data model for resource `ORegAnno` in set `transcription_deprecated`.
[2025-07-30 12:46:59] [resource_controller] Loading resource information from JSON file: /Users/janzules/anaconda3/envs/spatial_analysis_env_2/lib/python3.10/site-packages/pypath/resources/data/resources.json
[2025-07-30 12:46:59] [resource_controller] Resource information has been read from `/Users/janzules/anaconda3/envs/spatial_analysis_env_2/lib/python3.10/site-packages/pypath/resources/data/resources.json`.
[2025-07-30 12:46:59] [licenses] Populating license database from directory `/Users/janzules/anaconda3/envs/spatial_analysis_env_2/lib/python3.10/site-packages/pypath/data/licenses`.
[2025-07-30 12:46:59] [licenses] Added license `Unspecified NC-SA` (purpose = academic, sharing = alike, attrib = attrib).
[2025-07-30 12:46:59] [licenses] Added license `PhosphoNetworks` (purpose = non_profit, sharing = alike, attrib = attrib).
[2025-07-30 12:46:59] [licenses] Added license `Apache 2.0` (purpose = commercial, sharing = alike, attrib = attrib).
[2025-07-30 12:46:59] [licenses] Added license `HPRD` (purpose = academic, sharing = free, attrib = attrib).
[2025-07-30 12:46:59] [licenses] Added license `Informal` (purpose = commercial, sharing = free, attrib = attrib).
[2025-07-30 12:46:59] [licenses] Added license `PDB` (purpose = commercial, sharing = free, attrib = attrib).
[2025-07-30 12:46:59] [licenses] Added license `CC BY-NC 4.0` (purpose = academic, sharing = free, attrib = attrib).
[2025-07-30 12:46:59] [licenses] Added license `AFL 3.0` (purpose = academic, sharing = alike, attrib = attrib).
[2025-07-30 12:46:59] [licenses] Added license `COSMIC` (purpose = academic, sharing = free, attrib = attrib).
[2025-07-30 12:46:59] [licenses] Added license `DSL` (purpose = commercial, sharing = alike, attrib = attrib).
[2025-07-30 12:46:59] [licenses] Added license `CC BY 4.0` (purpose = commercial, sharing = free, attrib = attrib).
[2025-07-30 12:46:59] [licenses] Added license `CC BY-ND 4.0` (purpose = commercial, sharing = noderiv, attrib = attrib).
[2025-07-30 12:46:59] [licenses] Added license `I2D` (purpose = academic, sharing = free, attrib = attrib).
[2025-07-30 12:46:59] [licenses] Added license `OpenTargets` (purpose = academic, sharing = free, attrib = attrib).
[2025-07-30 12:46:59] [licenses] Added license `CC BY-NC-ND 4.0` (purpose = academic, sharing = noderiv, attrib = attrib).
[2025-07-30 12:46:59] [licenses] Added license `CC BY-NC-SA 3.0` (purpose = academic, sharing = alike, attrib = attrib).
[2025-07-30 12:46:59] [licenses] Added license `No license` (purpose = ignore, sharing = ignore, attrib = attrib).
[2025-07-30 12:46:59] [licenses] Added license `CC BY-SA 4.0` (purpose = commercial, sharing = alike, attrib = attrib).
[2025-07-30 12:46:59] [licenses] Added license `Composite` (purpose = composite, sharing = composite, attrib = attrib).
[2025-07-30 12:46:59] [licenses] Added license `CellCellInteractions` (purpose = non_profit, sharing = alike, attrib = attrib).
[2025-07-30 12:46:59] [licenses] Added license `CC BY-NC 2.0` (purpose = academic, sharing = free, attrib = attrib).
[2025-07-30 12:46:59] [licenses] Added license `CC BY 3.0` (purpose = commercial, sharing = free, attrib = attrib).
[2025-07-30 12:46:59] [licenses] Added license `CC BY-ND 3.0` (purpose = commercial, sharing = noderiv, attrib = attrib).
[2025-07-30 12:46:59] [licenses] Added license `miRecords` (purpose = commercial, sharing = free, attrib = attrib).
[2025-07-30 12:46:59] [licenses] Added license `NAR Open Access` (purpose = commercial, sharing = alike, attrib = attrib).
[2025-07-30 12:46:59] [licenses] Added license `EUL` (purpose = academic, sharing = alike, attrib = attrib).
[2025-07-30 12:46:59] [licenses] Added license `HPO` (purpose = academic, sharing = alike, attrib = attrib).
[2025-07-30 12:46:59] [licenses] Added license `Kinase.com` (purpose = non_profit, sharing = alike, attrib = attrib).
[2025-07-30 12:46:59] [licenses] Added license `Artistic-2.0` (purpose = commercial, sharing = alike, attrib = attrib).
[2025-07-30 12:46:59] [licenses] Added license `CC BY-NC-ND 3.0` (purpose = nonprofit, sharing = noderiv, attrib = attrib).
[2025-07-30 12:46:59] [licenses] Added license `CC BY-SA 2.5` (purpose = commercial, sharing = alike, attrib = attrib).
[2025-07-30 12:46:59] [licenses] Added license `CC BY-NC-SA 4.0` (purpose = academic, sharing = alike, attrib = attrib).
[2025-07-30 12:46:59] [licenses] Added license `miRTarBase` (purpose = academic, sharing = free, attrib = attrib).
[2025-07-30 12:46:59] [licenses] Added license `LGPLv3` (purpose = commercial, sharing = free, attrib = attrib).
[2025-07-30 12:46:59] [licenses] Added license `CC BY-SA 3.0` (purpose = commercial, sharing = alike, attrib = attrib).
[2025-07-30 12:46:59] [licenses] Added license `ELM` (purpose = academic, sharing = free, attrib = attrib).
[2025-07-30 12:46:59] [licenses] Added license `HGNC` (purpose = commercial, sharing = free, attrib = attrib).
[2025-07-30 12:46:59] [licenses] Added license `MIT` (purpose = commercial, sharing = free, attrib = attrib).
[2025-07-30 12:46:59] [licenses] Added license `CytoSig` (purpose = non_profit, sharing = alike, attrib = attrib).
[2025-07-30 12:46:59] [licenses] Added license `CC BY 2.5` (purpose = commercial, sharing = free, attrib = attrib).
[2025-07-30 12:46:59] [licenses] Added license `KEGG` (purpose = ignore, sharing = ignore, attrib = attrib).
[2025-07-30 12:46:59] [licenses] Added license `GPLv2` (purpose = commercial, sharing = alike, attrib = attrib).
[2025-07-30 12:46:59] [licenses] Added license `CC0 1.0` (purpose = commercial, sharing = free, attrib = noattrib).
[2025-07-30 12:46:59] [licenses] Added license `BioCarta` (purpose = academic, sharing = alike, attrib = attrib).
[2025-07-30 12:46:59] [licenses] Added license `MPPI` (purpose = commercial, sharing = free, attrib = attrib).
[2025-07-30 12:46:59] [licenses] Added license `BSD` (purpose = commercial, sharing = alike, attrib = attrib).
[2025-07-30 12:46:59] [licenses] Added license `CC BY-NC 3.0` (purpose = academic, sharing = free, attrib = attrib).
[2025-07-30 12:46:59] [licenses] Added license `GPLv3` (purpose = commercial, sharing = alike, attrib = attrib).
[2025-07-30 12:46:59] [licenses] Added license `EMBL-EBI` (purpose = academic, sharing = free, attrib = attrib).
[2025-07-30 12:46:59] [licenses] Added license `PathwayCommons` (purpose = academic, sharing = alike, attrib = attrib).
[2025-07-30 12:46:59] [resource_controller] Updating resource license information.
[2025-07-30 12:46:59] [resource_controller] No license for resource `3DComplex`.
[2025-07-30 12:46:59] [resource_controller] Could not find resource `Vidal HI-III`.
[2025-07-30 12:46:59] [resource_controller] Could not find resource `HumanSignalingNetwork`.
[2025-07-30 12:46:59] [resource_controller] Could not find resource `HI-union`.
[2025-07-30 12:46:59] [resource_controller] Could not find resource `CPDB`.
[2025-07-30 12:46:59] [resource_controller] Could not find resource `Laudanna-effects`.
[2025-07-30 12:46:59] [resource_controller] Could not find resource `Laudanna-directions`.
[2025-07-30 12:46:59] [resource_controller] Could not find resource `reaction resources`.
[2025-07-30 12:47:00] [curl] Creating Curl object to retrieve data from `https://www.ensembl.org/info/about/species.html`
[2025-07-30 12:47:00] [curl] Cache file path: `/Users/janzules/Library/Caches/pypath/535b06d53a59e75bb693369bc5fdc556-species.html`
[2025-07-30 12:47:00] [curl] Setting up and calling pycurl.
[2025-07-30 12:47:02] [curl] Opening plain text file `/Users/janzules/Library/Caches/pypath/535b06d53a59e75bb693369bc5fdc556-species.html`.
[2025-07-30 12:47:02] [curl] Contents of `/Users/janzules/Library/Caches/pypath/535b06d53a59e75bb693369bc5fdc556-species.html` has been read and the file has been closed.
[2025-07-30 12:47:02] [curl] Creating Curl object to retrieve data from `https://www.ensembl.org/info/about/species.html`
[2025-07-30 12:47:02] [curl] Cache file path: `/Users/janzules/Library/Caches/pypath/535b06d53a59e75bb693369bc5fdc556-species.html`
[2025-07-30 12:47:02] [curl] Cache file found, no need for download.
[2025-07-30 12:47:02] [curl] Opening plain text file `/Users/janzules/Library/Caches/pypath/535b06d53a59e75bb693369bc5fdc556-species.html`.
[2025-07-30 12:47:02] [curl] Contents of `/Users/janzules/Library/Caches/pypath/535b06d53a59e75bb693369bc5fdc556-species.html` has been read and the file has been closed.
[2025-07-30 12:47:02] [curl] Creating Curl object to retrieve data from `https://www.ensembl.org/info/about/species.html`
[2025-07-30 12:47:02] [curl] Cache file path: `/Users/janzules/Library/Caches/pypath/535b06d53a59e75bb693369bc5fdc556-species.html`
[2025-07-30 12:47:02] [curl] Cache file found, no need for download.
[2025-07-30 12:47:02] [curl] Opening plain text file `/Users/janzules/Library/Caches/pypath/535b06d53a59e75bb693369bc5fdc556-species.html`.
[2025-07-30 12:47:02] [curl] Contents of `/Users/janzules/Library/Caches/pypath/535b06d53a59e75bb693369bc5fdc556-species.html` has been read and the file has been closed.
[2025-07-30 12:47:04] [pypath] pypath
[2025-07-30 12:47:05] [curl] Creating Curl object to retrieve data from `https://www.ebi.ac.uk/unichem/api/v1/sources/`
[2025-07-30 12:47:05] [curl] Cache file path: `/Users/janzules/Library/Caches/pypath/b2a060ead30932cabb4a6e993539989e-`
[2025-07-30 12:47:05] [curl] Cache file found, no need for download.
[2025-07-30 12:47:05] [curl] Loading data from cache previously downloaded from `www.ebi.ac.uk`
[2025-07-30 12:47:05] [curl] Opening file `/Users/janzules/Library/Caches/pypath/b2a060ead30932cabb4a6e993539989e-`
[2025-07-30 12:47:05] [curl] Extracting data from file type `plain`
[2025-07-30 12:47:05] [curl] Opening plain text file `/Users/janzules/Library/Caches/pypath/b2a060ead30932cabb4a6e993539989e-`.
[2025-07-30 12:47:05] [curl] Contents of `/Users/janzules/Library/Caches/pypath/b2a060ead30932cabb4a6e993539989e-` has been read and the file has been closed.
[2025-07-30 12:47:05] [curl] File at `https://www.ebi.ac.uk/unichem/api/v1/sources/` successfully retrieved. Resulted file type `plain text, unicode string`. Local file at
                      `/Users/janzules/Library/Caches/pypath/b2a060ead30932cabb4a6e993539989e-`.
[2025-07-30 12:47:05] [ramp] Loading RaMP the list of ID types from `https://rampdb.nih.gov/api/id-types`.
[2025-07-30 12:47:05] [curl] Creating Curl object to retrieve data from `https://rampdb.nih.gov/api/id-types`
[2025-07-30 12:47:05] [curl] Cache file path: `/Users/janzules/Library/Caches/pypath/c058901753f61743bf55db935731cff1-id-types`
[2025-07-30 12:47:05] [curl] Setting up and calling pycurl.
[2025-07-30 12:47:09] [curl] Download error: HTTP 502
[2025-07-30 12:47:09] [curl] First 5000 bytes of response: <html>  <head><title>502 Bad Gateway</title></head>  <body>  <center><h1>502 Bad Gateway</h1></center>  <hr><center>nginx</center>  </body>  </html>  <html>
                      <head><title>502 Bad Gateway</title></head>  <body>  <center><h1>502 Bad Gateway</h1></center>  <hr><center>nginx</center>  </body>  </html>  <html>  <head><title>502 Bad
                      Gateway</title></head>  <body>  <center><h1>502 Bad Gateway</h1></center>  <hr><center>nginx</center>  </body>  </html>
[2025-07-30 12:47:09] [curl] Download failed, removing the resulted file.
[2025-07-30 12:47:09] [curl] Removing file: `/Users/janzules/Library/Caches/pypath/c058901753f61743bf55db935731cff1-id-types`
[2025-07-30 12:47:09] [ramp] Failed to load RaMP ID types.
[2025-07-30 12:47:10] [omnipath.init] Welcome to the OmniPath database manager app.
[2025-07-30 12:47:10] [omnipath.init] You can customize the database building process by setting parameters in the `OP_DB_ARGS` global variable or by calling `init` again with keyword arguments or after setting values in
                      the `pypath.share.settings` module.You can define your own databases following the examples in `pypath/omnipath/databases/builtins.json`. See more details in
                      `pypath/omnipath/databases/db_template.json` and the code of method `pypath.omnipath.app.DatabaseManager.load_dataset`.
[2025-07-30 12:47:10] [omnipath.dbmanager] Pickle directory: `/Users/janzules/Library/Caches/pypath/pickles` (exists: yes).
[2025-07-30 12:47:10] [omnipath.dbmanager] Tables directory: `omnipath_tables/20250730` (exists: no).
[2025-07-30 12:47:10] [omnipath.dbmanager] Figures directory: `omnipath_figures/20250730` (exists: no).
[2025-07-30 12:47:10] [omnipath.dbmanager] The OmniPath database manager has been initialized.
